5.249970184548591323e-01
4.183490390595555053e-01
3.403175376450098266e-01
2.838945045762961139e-01
2.659099384800228671e-01
2.608994443451365663e-01
2.575649594646499674e-01
2.553664920287265772e-01
2.539653274839824837e-01
2.531272415280608201e-01
2.526994370782261190e-01
2.524601514791073864e-01
2.522456193289822068e-01
2.520485896349360377e-01
2.517263060269087083e-01
2.516065098535779088e-01
2.515114920322421566e-01
2.514402841531060973e-01
2.513813372277939884e-01
2.513446210995867736e-01
2.513203039758202251e-01
2.513205467872510201e-01
2.513325006019924701e-01
2.513518008492809375e-01
2.513864786657231121e-01
2.514236110301368843e-01
2.514714041449986892e-01
2.515131411896794900e-01
2.515545736946248612e-01
2.515800809630646673e-01
2.515981093698912430e-01
2.515841694505773773e-01
2.515407364770966825e-01
2.514552239214261076e-01
2.513105523685872367e-01
2.510929407113812184e-01
2.507888647217312861e-01
2.503703833363662423e-01
2.498152479101961310e-01
2.491023631439519548e-01
2.481899609713901222e-01
2.470423975639853276e-01
2.456112744394978731e-01
2.438435550186883183e-01
2.416599018036632573e-01
1.241205254904052535e-01
1.241915333244652392e-01
1.241234404988218049e-01
1.239398352810251042e-01
1.236703912613716927e-01
1.233288801061827311e-01
1.229288730780839778e-01
1.224820225509145322e-01
1.219938100479978083e-01
1.214711077859772087e-01
1.209220199595120865e-01
1.203445979819808553e-01
1.197448017773119766e-01
1.191208050233218546e-01
1.184814243756034946e-01
1.178227359136092556e-01
1.171534981426960303e-01
1.164588316972802740e-01
1.157556536907465017e-01
1.150385934738359789e-01
1.143115841222321627e-01
1.135797540355521495e-01
1.473752589557510428e-01
1.885931101985520164e-01
1.862624176572096890e-01
1.839280539437515016e-01
1.815861429332195076e-01
1.792518396231315148e-01
1.769147393539485247e-01
1.745992246868426634e-01
1.723115919464596191e-01
1.701341444527527669e-01
1.684495279337271945e-01
1.710011577836516861e-01
1.682534767813494980e-01
1.654676694827346972e-01
1.626362992203826130e-01
1.500789539843463416e-01
1.481830336524733727e-01
1.463333453331711609e-01
1.444850304749711045e-01
1.426032914334710022e-01
1.406555325409056256e-01
1.386118105644826293e-01
1.364336814156928701e-01
1.340822860286409735e-01
1.315028054366122467e-01
1.286238542433206233e-01
1.253347395493342176e-01
1.214669751801990827e-01
2.275470900263592000e-01
1.799526451103194424e-01
1.466492652927799123e-01
1.437718866592085920e-01
1.413510599197848883e-01
1.392429265499335322e-01
1.373560773992685002e-01
1.356318027003006188e-01
1.340306397394546711e-01
1.325157842794330854e-01
1.310708533729018077e-01
1.296537361509342845e-01
1.282553282963245500e-01
1.268677149494296941e-01
1.254972733338496904e-01
1.241383122299760111e-01
1.227926732994762543e-01
1.214568391918744994e-01
1.201312590793357227e-01
1.188102513036892460e-01
1.174993115208424477e-01
1.161909201511707457e-01
1.148849900372332367e-01
1.135838790271987975e-01
1.122796231026204905e-01
1.109764716163358922e-01
1.096702201796457971e-01
1.083568499038594923e-01
1.070362170254898215e-01
1.057129328574825389e-01
1.044241654446943501e-01
1.032381614442190593e-01
1.021362625767954918e-01
1.011098076167580018e-01
1.001492961587993613e-01
9.925302763116300442e-02
9.843106489166297823e-02
9.769666859496572986e-02
9.708639753131875771e-02
9.668866482004122298e-02
9.671502151524047353e-02
9.802687198038612104e-02
1.394431575173486482e-01
1.385905483476554401e-01
1.376843302460765694e-01
1.367147666558921337e-01
1.356799967322523393e-01
1.345747338212731903e-01
1.333887873737877039e-01
1.321155612256311174e-01
1.307464966681228247e-01
1.292711391383361275e-01
1.276808932221506765e-01
1.259639418653922815e-01
1.241040483884863210e-01
1.220836174792413881e-01
1.198884856577365626e-01
1.175656303655017582e-01
1.153135475651642650e-01
1.131193559936906484e-01
1.109632773489698243e-01
1.088253738880899102e-01
1.066859689692941093e-01
1.045271215601528136e-01
1.023319362786404840e-01
1.000789963597698284e-01
9.774818902531021148e-02
9.532236365716866000e-02
9.278025681780152634e-02
9.009918040238350245e-02
8.725943594623077060e-02
8.422964656233121461e-02
8.098810992186995794e-02
7.749402515318262741e-02
7.370522144792067409e-02
6.956481383253917961e-02
6.501497510953062331e-02
6.000754996005774194e-02
5.449349946767756414e-02
4.866243243728463064e-02
4.416429008797383149e-02
2.186942218319232467e-01
1.969846502092799656e-01
1.745256644408377800e-01
1.552965651196302477e-01
1.420222820760992377e-01
1.440086792888854716e-01
1.454983141306188110e-01
1.465509498801998156e-01
1.472183595649713683e-01
1.475477532287381710e-01
1.475753113173548792e-01
1.473277760277397763e-01
1.468225630264086701e-01
1.460705768082658229e-01
1.450647014546620761e-01
1.437966582298120799e-01
1.422395431895303597e-01
1.403405337379174944e-01
1.380257958268950591e-01
1.351632890739344894e-01
1.315241306959095691e-01
1.266445725644901321e-01
1.193780587085273015e-01
1.033639537259951613e-01
1.435437358341475622e-01
9.990212558083173822e-02
6.855215636364926646e-02
5.522532696658935536e-02
5.658570301224694066e-02
5.789152655245903556e-02
5.917119872420369131e-02
6.044712559085930331e-02
6.173745771952612871e-02
6.304718341422441141e-02
6.438342496655401204e-02
6.574739971150700413e-02
6.714549848107978502e-02
6.856883226297884326e-02
7.001880951702033062e-02
7.149399900107729355e-02
7.298380654201297446e-02
7.448130281225512350e-02
7.596447581248376435e-02
7.739818144521340426e-02
7.876117481596979497e-02
8.000887066301698436e-02
8.109365824829264935e-02
8.194811937597094864e-02
8.245505151198261051e-02
8.243166816795258200e-02
8.148588800816594646e-02
7.842691423294245734e-02
1.797151678114533857e-01
1.722524838593413876e-01
1.627485179677479743e-01
1.496133491504788027e-01
1.262422207138218511e-01
2.178469268317027863e-01
2.143464870570857550e-01
2.102439935349161848e-01
2.053573604940624464e-01
1.993633085194102539e-01
1.916166100758695534e-01
1.801561421028326504e-01
1.346203506119551530e-01
1.085234995944675956e-01
8.057504844451535142e-02
5.001077247415849913e-02
2.859854572534022144e-02
2.339734823719359369e-01
2.140350808937969418e-01
2.136354001665140834e-01
2.063145113532648678e-01
1.972278648634246956e-01
1.852599100635550777e-01
1.670206490338495553e-01
1.196349505749619430e-01
1.018150297935209725e-01
8.651733764393315651e-02
8.691080107557878909e-02
8.841585899926926451e-02
8.961256203277355448e-02
9.049923138845776538e-02
9.106618174324895842e-02
9.129187575030031643e-02
9.113779120494074071e-02
9.053560148589173684e-02
8.936593497711950440e-02
8.740363608337201051e-02
8.415992548436757037e-02
7.825930892400306815e-02
9.508489422383226142e-02
5.893538408176222931e-02
3.638001137188587308e-02
2.216446834756628792e-02
1.629251348121605117e-02
1.518487861097542191e-02
1.373722342517053399e-02
1.172085330436846429e-02
8.332182150675229715e-03
8.041843995511997398e-03
8.397759151049448423e-03
8.833608773049624052e-03
9.335226313474151438e-03
9.893430311923299622e-03
1.051021064514718641e-02
1.117697110397703267e-02
1.189562262524039571e-02
1.267348599788760757e-02
1.350891967565131038e-02
1.440290031946869082e-02
1.536667573565914970e-02
1.639697809170759246e-02
1.750619312003495395e-02
1.869516471858334583e-02
1.997488457403667067e-02
2.135153066627874796e-02
2.283476541296663997e-02
2.443242382282150016e-02
2.615479172879561429e-02
2.801590132486743781e-02
3.002714939961047963e-02
3.220615703248039252e-02
3.457176575466539004e-02
3.713757540689532899e-02
3.992938001201100373e-02
4.297488749786453066e-02
4.630232452589948949e-02
4.994500930485051143e-02
5.394709620591686683e-02
5.835346543467653802e-02
6.321865638243798213e-02
6.861374155093995231e-02
7.462141625655194233e-02
8.133441842830797797e-02
8.887925316199241088e-02
9.739826275392228505e-02
1.063663535009995442e-01
1.156863595815408180e-01
1.253376157637106081e-01
1.352349606371795188e-01
1.451431598387812050e-01
1.544626268560955196e-01
1.622555253692084809e-01
1.683110015314262242e-01
1.733559803446849679e-01
1.779822481328582340e-01
1.824773869208864419e-01
1.869641935283532508e-01
1.915110120176458652e-01
1.961379984606414495e-01
2.008553881845838163e-01
2.056570156487421419e-01
2.105155666044000728e-01
2.153635780006797895e-01
2.200495397212304249e-01
2.241205188870785403e-01
3.521312837962976006e-01
2.990571658336292904e-01
2.982181531257172002e-01
1.719139625348974909e-01
1.536734964250722757e-01
1.321382290153716998e-01
1.054199749149591220e-01
9.525525221350966687e-02
3.578107592411336468e-01
3.865748241182206946e-01
5.702870486727101840e-01
5.586164389870458269e-01
5.439450939199815815e-01
5.238069231482054278e-01
8.017165973957344205e-01
7.840845472023793006e-01
7.622179791971881446e-01
7.328791674823184055e-01
1.398388263986086177e-01
1.347307393903790507e-01
1.325967176179846385e-01
1.311624732078570665e-01
1.297177288610538715e-01
1.432221423992300346e-01
1.270293456145525079e-01
1.134652524224431525e-01
1.025121201817375122e-01
1.013297202716211126e-01
1.008425951904133588e-01
9.979136005545723165e-02
1.425325324091123169e-01
1.218113180333473822e-01
9.965544617459115573e-02
7.594091062193694674e-02
5.313856730680417695e-02
3.337465344852287574e-02
1.901477592348630591e-02
1.165096105922274958e-02
1.108669355270843794e-02
1.070284553084651161e-02
1.042029715812066784e-02
1.019713363247694467e-02
1.000282925688309593e-02
9.825793966332312113e-03
9.655519790336162395e-03
9.488661078308337909e-03
9.320542184033719924e-03
9.151971594547822497e-03
8.982105750667383065e-03
8.812676518111493135e-03
8.638050962484201262e-03
8.461996291642659082e-03
8.284048736678227554e-03
8.104621565939914077e-03
7.924697820480518240e-03
7.741406180014278812e-03
7.559008026209835390e-03
7.372182451071263368e-03
7.186181547272640219e-03
6.999968400031164953e-03
6.811844495549403654e-03
6.624946917153898447e-03
6.437833763741987632e-03
6.250101630786769266e-03
6.060519034005037824e-03
5.873555486400483180e-03
5.687135071516894250e-03
5.501169483709564788e-03
5.314991283864959129e-03
5.131414393583903256e-03
4.951482623825523462e-03
4.773341326055106047e-03
4.593583653390070388e-03
4.421389249366549506e-03
4.245976985743397762e-03
3.870133840296605121e-02
2.952276566682028244e-02
3.003983502641855222e-02
3.051704545503280269e-02
3.096029211975307588e-02
3.138121323380756167e-02
3.178883785734985812e-02
3.218933683520491806e-02
3.258357190730024749e-02
3.297485012479878935e-02
3.336295900279151461e-02
3.374870484514111424e-02
3.413588268232647938e-02
3.452187555909594363e-02
3.490697256659344022e-02
3.529071963190019701e-02
3.567496525414080855e-02
3.605906736790449874e-02
3.643814031361643918e-02
3.681878122498814104e-02
3.719796423979870870e-02
3.757105816966721523e-02
3.794729892370697633e-02
3.831810499212789239e-02
3.868723660822732252e-02
3.905007270249791912e-02
3.941188825647244653e-02
3.976863465118744834e-02
4.012376073039487789e-02
4.047525719731891181e-02
4.082319882273762607e-02
4.116823569256979065e-02
4.150814700520570610e-02
4.184322824596310719e-02
4.218070087481515240e-02
4.251467127531251278e-02
4.284694989892726125e-02
4.318074343755756717e-02
4.352091940630861688e-02
4.386577484961344531e-02
4.422515360955184271e-02
4.460365985749407264e-02
4.501133823885457991e-02
4.546469519234341145e-02
4.599059149731945378e-02
4.662749932257137520e-02
4.746101723430504876e-02
4.865391418254910727e-02
5.068461843574946502e-02
6.401036008144199430e-02
4.221026560774391451e-02
2.703917228456887561e-02
2.796958122096050714e-02
2.871531072530410927e-02
2.934897190859395155e-02
2.992573885166183861e-02
3.046946128740998794e-02
3.099971959990376752e-02
3.152562407983249687e-02
3.205926257463247164e-02
3.260538882420896400e-02
3.315661617302077813e-02
3.372384198448090398e-02
3.430865794883996428e-02
3.490615543522285202e-02
3.552227420723128720e-02
3.615952413024738771e-02
3.681167481152715359e-02
3.748066098516533023e-02
3.817099043850445683e-02
3.888272575928512775e-02
3.961370651637094453e-02
4.036625926207206005e-02
4.113991474836502238e-02
4.193650197142385905e-02
4.275456806170545992e-02
4.359839373854149103e-02
4.446712105467747617e-02
4.535727066625005327e-02
4.627303835061907095e-02
4.721961063744932463e-02
4.818787486882350479e-02
4.918602261553539634e-02
5.021253576061399104e-02
5.126125644041813756e-02
5.234109425337826749e-02
5.345003612131418724e-02
5.458922292785331476e-02
5.575429831585565488e-02
5.695006883374302553e-02
5.817365978730205944e-02
5.942652635457398858e-02
6.070565750313370451e-02
6.201494141235935204e-02
6.335303054655813670e-02
6.471359975598249548e-02
6.610306161043108530e-02
6.751567309507928993e-02
6.895212098909683784e-02
7.040816704962479800e-02
7.188419897014902693e-02
7.337512274700670745e-02
7.487788082141132173e-02
7.639192913046924382e-02
7.790957747219695584e-02
7.942859822737365072e-02
8.093413488084356955e-02
8.238761621398982271e-02
8.377984600030197182e-02
8.511431012015249764e-02
8.637562142743943072e-02
8.756514466870160551e-02
8.866923196432086041e-02
8.967474431754071662e-02
9.057585683031324497e-02
9.134851112037474519e-02
9.197035478081247439e-02
9.240713947379444737e-02
9.261744476354777378e-02
9.254448191137980284e-02
9.208879909319148127e-02
9.110958678997499449e-02
8.935241517658211452e-02
8.633384978630787021e-02
8.075951825201696521e-02
3.087602965343085870e-01
2.589455119857055343e-01
2.217789952946973286e-01
1.934971069533261978e-01
1.851970807071735003e-01
1.864081394661997182e-01
1.884101643298393414e-01
1.910496514181991567e-01
1.941992877954801522e-01
1.977569847281710480e-01
2.014731903797224721e-01
2.050983359734229183e-01
2.086177474100769369e-01
2.120062828322014925e-01
2.152357638914360050e-01
2.182741490825652608e-01
2.210796768815364854e-01
2.236123287328104225e-01
2.258013446068735941e-01
2.275680693530203191e-01
2.288040095603174895e-01
2.293449596757415609e-01
2.289140470956835816e-01
2.269684445648817439e-01
2.220220968846213228e-01
1.999635624775667753e-01
1.817405302952126989e-01
1.618247918375882999e-01
1.398752755576865292e-01
1.153580259322383311e-01
8.729068241152772301e-02
5.325689322021204264e-02
2.878256163844078452e-01
2.929323692725904205e-01
2.992755559888948258e-01
3.066756610930410076e-01
3.148813891354136363e-01
3.232543766942147512e-01
3.317700128919202629e-01
3.403585359300388968e-01
3.489132084389591770e-01
3.571787543821860478e-01
3.632950376761332478e-01
3.442285066908096214e-01
3.125748450811967061e-01
2.659191960782540387e-01
2.517702655196392136e-01
2.302069666096276113e-01
2.516732214192436978e-01
2.588835009553323019e-01
2.665346393214629295e-01
2.747235913981408428e-01
2.835832470938346450e-01
2.933716419866158609e-01
2.788706469675774624e-01
1.528746047001603159e-01
1.441581320356696005e-01
1.309833556889873074e-01
1.153348191647442095e-01
9.847414377073107628e-02
8.164286843570707497e-02
6.569797551685063741e-02
5.126903398868601358e-02
4.832042676125638397e-02
4.955040734874901348e-02
5.120146176642367819e-02
5.319644804146991812e-02
5.550554269458295165e-02
5.815787982711762005e-02
6.121401770411437349e-02
6.477263360073454157e-02
6.897557628029223065e-02
7.406618726529345942e-02
8.048411753185667761e-02
8.918921003850324714e-02
1.037251845747780288e-01
1.010828301562597675e-01
1.006662539125813272e-01
1.004052978643060201e-01
1.003409828763358047e-01
1.004075900045464792e-01
1.005668117939341466e-01
1.007957911537396278e-01
1.010801829970166266e-01
1.014047584331861929e-01
1.017673109262691722e-01
1.021589611176172696e-01
1.025816531793057873e-01
1.030315066174631172e-01
1.035157665643210295e-01
1.040409896244120919e-01
1.046205486286290037e-01
1.052935216709471322e-01
1.061365417895646507e-01
1.076215165124820294e-01
9.842741813405961326e-02
9.894130452497637562e-02
9.939355400429115972e-02
9.978800334875229106e-02
1.001400056389192272e-01
1.004545826490692295e-01
1.007358696995089703e-01
1.009898751100228864e-01
1.012221710893584786e-01
1.014316988228098348e-01
1.016245365654572380e-01
1.018007070143091553e-01
1.019595325995069635e-01
1.021076398987479511e-01
1.022411521384917338e-01
1.023590480220045312e-01
1.024619697326468876e-01
1.025441657374364379e-01
1.026034368944176711e-01
1.026371307959220297e-01
1.026541491001430606e-01
1.026381575682694114e-01
1.027831620269141766e-01
1.029786568903467148e-01
1.032496193380491728e-01
1.036288678566696791e-01
1.041703445397392930e-01
1.049922333421130782e-01
1.063797514877053013e-01
1.095234538513260025e-01
1.401487434371497254e-01
1.144463405322378030e-01
8.677172022730060552e-02
5.792554181284157583e-02
3.396409839731052288e-02
1.943765439942666054e-02
1.671035881981204618e-02
1.705484472223056311e-02
1.734211944300205477e-02
1.760014490989942476e-02
1.784588489330574818e-02
1.808453224694336545e-02
1.832221951246774255e-02
1.855979341616015993e-02
1.880260639116110646e-02
1.904608312422698818e-02
1.929951113542589802e-02
1.955280193728527877e-02
1.981666013349980479e-02
2.008153399178269974e-02
2.035418993334136423e-02
2.063519871550100609e-02
2.092017170792608016e-02
2.121058243033351748e-02
2.151039162473006652e-02
2.181367302770598204e-02
2.212848063899711809e-02
2.244679312556405876e-02
2.277769996844376810e-02
2.311478795502654865e-02
2.345896382651928985e-02
2.381237653480810373e-02
2.417500347876314071e-02
2.454688515164591203e-02
2.492967939524086407e-02
2.532353158684642197e-02
2.572607907702225208e-02
2.614078291236507021e-02
2.656719036940862963e-02
2.700681082637977973e-02
2.745841944558622544e-02
2.792294877017511417e-02
2.840333994647056826e-02
2.889661969093875946e-02
2.940647510717936050e-02
2.993014028196964993e-02
3.047519056736509857e-02
3.103065432244563743e-02
3.161037121230299285e-02
3.221203900985123575e-02
3.283284416563821140e-02
3.347522657855177969e-02
3.414333416413012356e-02
3.483300356042329238e-02
3.554987268738006578e-02
3.629641246397279086e-02
3.707530865518358920e-02
3.788237003930901292e-02
3.872718332408935787e-02
3.960390009726621335e-02
4.052568142935557283e-02
4.149173576509548184e-02
4.249792629403612715e-02
4.355615363753834179e-02
4.466857491544465319e-02
4.584316435991097477e-02
4.708619086971109480e-02
4.839506117668857660e-02
4.978480625442069374e-02
5.125611836303266278e-02
5.282962840310104907e-02
5.450798835883791105e-02
5.631924350020785924e-02
5.826388007919659773e-02
6.036492944729608678e-02
6.265708789428053871e-02
4.035644077042570971e-02
4.575849738087928859e-02
6.853179583960528065e-02
5.774188739358955547e-02
5.927898645527350519e-02
6.065876934769048878e-02
6.168449234386396557e-02
6.249267964028830391e-02
6.317880002396171479e-02
6.379745688719376528e-02
6.437899923776935207e-02
6.493733949993882315e-02
6.548103171971572656e-02
6.601192575592287892e-02
6.653773799536807920e-02
6.706026536603201804e-02
6.757010430979074056e-02
6.807966776379609231e-02
6.858438638492242445e-02
6.907589889006711392e-02
6.956927065837481550e-02
7.005185827681142952e-02
7.053438150757544711e-02
7.100906142689639156e-02
7.147903579271663865e-02
7.194417244230255637e-02
7.240497965017773929e-02
7.286205979920240550e-02
7.331014461800111626e-02
7.375279213106583631e-02
7.419591053429913652e-02
7.462769795436480225e-02
7.505960073847176006e-02
7.548463258421980737e-02
7.590583786839327773e-02
7.632205428363343647e-02
7.673198469257466736e-02
7.713547250106321529e-02
7.753636071733835400e-02
7.793133746038946597e-02
7.832188065006179256e-02
7.870745658997974070e-02
7.908625682678227520e-02
7.946346170730542169e-02
7.983295418288532952e-02
8.019754420554420227e-02
8.055881864548192217e-02
8.091400540357529536e-02
8.126567442263729624e-02
8.160777219831644169e-02
8.194424509200379236e-02
8.227645610130164544e-02
8.260702680944534415e-02
8.292553485707239436e-02
8.324042437394149618e-02
8.355011988593494254e-02
8.385089109656565509e-02
8.414500142162514851e-02
8.443316294223601748e-02
8.471333744914798236e-02
8.498671624702197613e-02
8.524888353772649974e-02
8.550497763434758425e-02
8.575233985734327657e-02
8.598344289318174405e-02
8.620814598658743666e-02
8.641996067840033990e-02
8.661894196976085980e-02
8.680502816028651258e-02
8.696836974245975016e-02
8.711409449880158640e-02
8.723819767482891840e-02
8.733301239554497331e-02
8.738909856367321760e-02
8.740579552111291117e-02
8.734342095008096329e-02
8.718169760039530536e-02
1.275521381742943106e-01
1.284216164159342477e-01
1.292918211006802709e-01
1.301683397613468129e-01
1.310429757999138634e-01
1.319189991220859615e-01
1.327983633991428047e-01
1.336796024348504419e-01
1.345664991904149677e-01
1.354561614611442255e-01
1.363465010097240082e-01
1.372397600530931294e-01
1.381384629322762181e-01
1.390453030654657529e-01
1.399664113826264433e-01
1.408885327485077665e-01
1.418203189024565825e-01
1.427564038934851509e-01
1.436968727684701241e-01
1.446419760441052249e-01
1.455900693820266767e-01
1.465391035309436540e-01
1.474913478246004106e-01
1.484471498217170560e-01
1.493999348371918834e-01
1.503535891450746287e-01
1.513080931770545146e-01
1.522550395874565365e-01
1.532027952090494749e-01
1.541470115316417866e-01
1.550851420071180375e-01
1.560187788881828019e-01
1.569457891342136702e-01
1.578621582715326599e-01
1.587700744938970454e-01
1.596644619331676895e-01
1.605434116076028817e-01
1.614104231654930333e-01
1.622557664122021848e-01
1.630758373382165116e-01
1.638747872847287901e-01
1.646412027802930389e-01
1.653732962390525307e-01
1.660606525033567205e-01
1.667016300184487043e-01
1.672833930964698346e-01
1.677926512422429628e-01
1.682191029112891090e-01
1.685383092283641859e-01
1.687243290091084980e-01
1.687358705711966556e-01
1.685169170121961768e-01
1.679647747745650899e-01
1.669058556613308153e-01
1.649646895940704849e-01
1.609656211231529910e-01
8.415063661634884784e-02
8.523054844767784244e-02
8.657978777019831318e-02
8.811286129985722304e-02
8.977831586928801400e-02
9.154528327713935820e-02
9.332638528415197754e-02
9.512069695444444473e-02
9.693434986700626144e-02
9.875993861805423824e-02
1.006031990200730031e-01
1.024627555238665916e-01
1.043407525366277094e-01
1.062289219280060648e-01
1.081422387664948692e-01
1.100721234232142492e-01
1.120153019344203860e-01
1.139820781269930416e-01
1.159653643159933023e-01
1.179686574955119416e-01
1.199921083497731411e-01
1.220410129072398431e-01
1.241075575968493966e-01
1.261961995841485440e-01
1.283075880531486801e-01
1.304457433218409734e-01
1.326039283996657270e-01
1.347867124590932386e-01
1.369975860095104248e-01
1.045461615305069425e-01
1.066203115831817483e-01
1.086860688325014673e-01
1.107363183881277940e-01
1.127767518870936014e-01
1.148135837159402484e-01
1.168420270597886196e-01
1.188773574192570348e-01
1.209094737509245898e-01
1.229546475282676798e-01
1.250012917102895638e-01
1.270609142563909888e-01
1.291354325887951182e-01
1.312273666396741867e-01
1.333343797844945833e-01
1.354662486780098263e-01
1.376138759562825498e-01
1.397930609157445325e-01
1.419931226037088323e-01
1.442268658021469974e-01
1.464898364945881049e-01
1.487840227227413825e-01
1.511233752151169285e-01
1.534956324383132120e-01
1.559066178043263529e-01
1.583634328799140012e-01
1.608652059816637891e-01
1.634142921256646064e-01
1.660105143016749052e-01
1.686554966162055469e-01
1.713599396192904967e-01
1.741167219632518970e-01
1.769394121762184469e-01
1.798195333863215617e-01
1.827720788843197885e-01
1.857972289424514312e-01
1.888952430549043493e-01
1.920804816090227463e-01
1.953486608021061666e-01
1.987123726315647987e-01
2.021776383709652514e-01
2.057502053443505119e-01
2.094420941519735402e-01
2.132628978218907290e-01
2.172231696776162346e-01
2.213377269149761628e-01
2.256264807664333516e-01
2.301016684423132785e-01
2.347917550382197793e-01
2.397211298443474858e-01
2.449290589379182759e-01
2.504586593339847012e-01
2.563729313496487805e-01
2.627565383973765600e-01
2.697198086394551053e-01
2.774505936795302885e-01
2.862682079090030918e-01
2.967943913778057219e-01
3.107980268825124570e-01
3.213812353989105031e-01
3.170597106550642197e-01
3.131388906526479943e-01
3.094727915552937247e-01
3.059826416558858453e-01
3.026164927268740201e-01
2.993330148683796543e-01
2.961062731350865285e-01
2.929224611501207720e-01
2.897572975008074758e-01
2.865990193022200927e-01
2.834393562595033389e-01
2.802735373185643586e-01
2.770939348358373300e-01
2.738876738395807364e-01
2.706565492842462617e-01
2.674023634324049215e-01
2.641166045950723573e-01
2.607982576547253628e-01
2.574495493866578721e-01
2.540709482788311990e-01
2.506614893675989109e-01
2.472201534886427354e-01
2.437523873861328072e-01
2.402619529247313479e-01
2.367516975683777447e-01
2.333740791652599567e-01
2.307061273984188643e-01
2.285880316816110980e-01
2.232710902821546106e-01
2.225829270524163350e-01
2.218790897601613799e-01
2.211643575881288015e-01
2.204292270923528252e-01
2.196829184352144249e-01
2.189178416823340523e-01
2.181336377244159075e-01
2.173324628315124463e-01
2.165121114477264741e-01
2.156732106932241488e-01
2.148138768778721786e-01
2.139326837776716894e-01
2.130335638316398494e-01
2.121117123755383305e-01
2.111672341217956106e-01
2.102005120035904118e-01
2.092097979238986272e-01
2.081985355354092349e-01
2.071625487399177401e-01
2.060992237178582709e-01
2.050150344670561009e-01
2.039058168065655263e-01
2.027758922069213821e-01
2.016224529664916443e-01
2.004530970147166691e-01
1.992793060049841691e-01
1.981350145605879631e-01
1.889149848825817934e-01
1.892563037964980210e-01
1.890968875195142840e-01
1.885551747584509052e-01
1.877068095948010162e-01
1.866163858500534678e-01
1.853301643435197876e-01
1.838743533796242113e-01
1.822736445729570554e-01
1.805384336989605265e-01
1.786718849111995355e-01
1.766783337736511084e-01
1.745432963393129810e-01
1.722603010907521326e-01
1.698031033734002104e-01
1.671419772586699992e-01
1.642356813763770351e-01
1.610141457818736188e-01
1.573790479789334562e-01
1.531604201683566535e-01
1.480361673938851985e-01
4.700493018201719331e-02
4.599507209680535336e-02
4.504954554362557151e-02
4.414458395984795225e-02
4.326371429600229385e-02
4.239996793054191110e-02
4.154871144753170126e-02
4.070200357973555172e-02
3.986297181018295943e-02
3.902992994333727428e-02
3.820045260592049019e-02
3.016951788315518773e-02
1.702327872673648282e-02
9.598226352408235906e-03
5.358724696811492660e-03
3.388023068391060599e-03
3.193514797553086669e-03
3.059876418027890517e-03
2.965289158933587070e-03
2.889837619809785662e-03
2.825485265259576433e-03
2.768680814522909116e-03
2.716670465553423092e-03
2.669507715394763177e-03
2.623382397217686318e-03
2.578964066669165844e-03
2.533866394453771799e-03
2.491153078518207852e-03
2.450611828698782448e-03
2.409667051061954897e-03
2.369942898087566002e-03
2.330338477493363800e-03
2.288133979119334575e-03
2.250115517947811825e-03
2.213601486000030955e-03
2.175345318450947005e-03
2.140604350757946070e-03
2.102376231460650544e-03
2.068784058152846848e-03
2.034584188799380515e-03
1.996651956134742889e-03
1.965538419921392978e-03
1.930459876949369279e-03
1.900837981905372171e-03
1.869086443801828892e-03
1.835958680255791748e-03
1.803829077847039645e-03
1.773844936077836887e-03
1.742573618180436176e-03
1.713850153683809004e-03
1.683345610495453823e-03
1.656066067830364898e-03
1.627522305614376424e-03
1.599910978149475874e-03
1.573302393690887997e-03
1.544805091616019681e-03
1.518542119235247873e-03
1.494270505949802253e-03
1.467502435504130457e-03
1.444564709816040975e-03
1.415490861964674701e-03
1.394464404954559025e-03
1.369049509171770505e-03
1.348863106117579626e-03
1.321921001880767017e-03
1.301443319628218425e-03
1.277355380814962664e-03
1.255817956173143485e-03
1.233808439039843843e-03
1.215214077956183227e-03
1.193543981602757011e-03
1.174491242155120772e-03
1.153071931519417895e-03
1.134319131832781623e-03
1.114720149129917650e-03
1.093605762969517307e-03
1.076766295051677803e-03
1.059118992373787264e-03
1.042934532205148359e-03
1.021731726962003079e-03
1.004384286000639497e-03
9.885002652963259355e-04
9.722040833538261786e-04
9.548222966679286404e-04
9.368147322827483341e-04
9.245002318675262388e-04
9.082887617975366618e-04
8.918222665432529780e-04
8.773939619631011561e-04
8.639871511115990166e-04
8.472827955953202931e-04
8.350100438760351459e-04
8.178025205207042989e-04
8.039657471165765224e-04
7.907902717427901448e-04
7.774986414542484981e-04
7.635491020088062183e-04
7.519834800202591235e-04
7.395049595909271040e-04
7.272449717673867657e-04
7.129078596242566885e-04
7.016823733747320872e-04
6.907094168588140317e-04
6.785759840622462413e-04
6.667080625768419429e-04
6.565914987146015055e-04
6.457970673668467308e-04
6.345510252026650587e-04
6.231004823835763554e-04
6.134133780016416421e-04
6.018074475763386146e-04
5.902165126097196068e-04
5.812068233896872885e-04
5.712080561014376470e-04
5.610557886937259705e-04
5.519524054950064726e-04
5.422213648811311263e-04
5.328558347751845715e-04
5.231017142131897746e-04
5.173822598535952801e-04
5.068426003231952040e-04
4.971344654771262320e-04
4.898516825626976837e-04
4.799292229230778706e-04
4.711307882519741612e-04
4.634423706413565809e-04
4.547310698817834049e-04
4.474759606708208007e-04
4.406492782528419801e-04
4.313378389895446206e-04
4.232966088388431997e-04
4.158657398046054516e-04
4.097522275568716101e-04
4.014497431318178123e-04
3.942938451802638702e-04
3.870614437363172349e-04
3.819058072608048980e-04
3.748233307260620279e-04
3.695987355249649980e-04
3.599921456440871277e-04
3.548144384101177334e-04
3.490461440575159079e-04
3.407348896048621950e-04
3.368099470474083569e-04
3.298955901142079043e-04
3.240249757095684381e-04
3.198982956395825228e-04
3.133418142088712443e-04
3.061987696655540936e-04
3.018391331232911801e-04
2.961267632540114970e-04
2.909656480353787393e-04
2.857884230638155698e-04
2.838475282782173897e-04
2.762672609549709189e-04
2.717965930741348714e-04
2.658145037223773538e-04
2.613316320419902059e-04
2.547823844721443351e-04
2.522875535317957224e-04
2.457973287789489087e-04
2.423124366600977356e-04
2.392249394747314472e-04
2.370166347427096146e-04
2.303573336081109072e-04
2.272164988775047102e-04
2.234562260854162268e-04
2.193919582476177709e-04
2.156453166385724441e-04
2.095691737712875600e-04
2.082212507574785268e-04
2.033465491009642972e-04
2.001027395970036114e-04
1.967688863643111009e-04
1.948567148496723009e-04
1.912436592579525485e-04
1.885112199928679825e-04
1.837612024268769689e-04
1.798542393100965495e-04
1.785554250451508776e-04
1.745077948648014353e-04
1.697843006976146752e-04
1.691462850093497353e-04
1.643554644802177776e-04
1.618751295369018665e-04
1.594406227340555162e-04
1.557776216180685523e-04
1.528723281948322010e-04
1.518449381801707495e-04
1.485856958151663505e-04
1.453829272881608601e-04
1.442148969543183669e-04
1.424474956441292278e-04
1.373891424153942786e-04
1.369185933230839208e-04
1.330818561038651351e-04
1.296060789829759675e-04
1.294864349231528036e-04
1.269381135852483541e-04
1.249558650670387801e-04
1.217971143561862632e-04
1.193651198489341825e-04
1.172185694384519461e-04
1.169513282891434408e-04
1.123133088972612923e-04
1.131117732064217628e-04
1.119144583319986826e-04
1.087509324322338963e-04
1.071848097525763210e-04
1.025971591618655927e-04
1.020645162016160969e-04
1.021153133195511653e-04
9.882541936440678368e-05
9.904142835650888983e-05
9.744345441348991818e-05
9.314720159735634299e-05
9.146111012186565730e-05
9.163913969827659572e-05
9.087212563370762695e-05
8.738142733334376905e-05
8.629750810976992046e-05
8.670444836556635620e-05
8.334137582206677271e-05
8.220548787964372455e-05
8.091229170937281711e-05
7.981756194848368892e-05
7.864723508838305371e-05
7.720560593778812153e-05
7.606987158099547943e-05
7.603466423879907976e-05
7.198285487752117896e-05
7.203130057730527578e-05
7.037583820214006448e-05
6.893722106525714487e-05
6.813257061453240851e-05
6.563507146299455677e-05
6.555408157157111525e-05
6.629458093482498400e-05
6.387584088151441032e-05
6.086733621038977474e-05
6.019297224803925452e-05
6.018287871796595891e-05
5.871184650913252600e-05
5.687225202853796603e-05
5.595025148619065512e-05
5.544537111658500171e-05
5.532389083657113487e-05
5.538188052014766369e-05
5.423164878765157604e-05
5.175053456173870313e-05
5.303142596779779241e-05
5.153156140258428343e-05
4.971170475960645316e-05
5.055208622140051607e-05
4.858947079454547748e-05
4.530679376843468534e-05
4.655784598403282164e-05
4.532043592550238074e-05
4.309368735119404421e-05
4.662158320348824196e-05
4.408291777116060548e-05
4.205781290859806850e-05
3.988126667121209661e-05
4.187478701608451741e-05
3.962672890123426149e-05
4.095054522171496353e-05
3.993705993685726973e-05
3.750728709297334186e-05
3.849803324322284093e-05
3.812260458625135468e-05
3.760283864437087781e-05
3.629912381542313698e-05
3.486092117906758401e-05
3.302346960113720410e-05
3.463746436968961336e-05
3.412082754767676619e-05
3.354552984364785658e-05
3.294930600715380601e-05
3.271974540387352301e-05
3.269507770315021353e-05
2.921888220288406556e-05
3.224590283824614037e-05
3.169865882058641739e-05
3.157010172938495038e-05
3.099499047145420487e-05
2.967024185892809329e-05
2.767512391362026209e-05
2.855217434387768684e-05
2.860044299138740195e-05
2.688269935647702430e-05
2.706374736571169777e-05
2.569961726059215301e-05
2.480874695411310179e-05
2.584515879403305856e-05
2.643043852265478951e-05
2.474266714987357517e-05
2.332757865053914866e-05
2.330560200366638693e-05
2.337063070171213088e-05
2.265598226677028779e-05
2.280992034752282022e-05
2.104045922896316401e-05
1.946386549820608322e-05
2.144369815038152868e-05
2.242301739815176552e-05
2.095561053527044697e-05
2.062893019345433292e-05
1.955049623449406240e-05
1.839684873939861844e-05
2.059703559533487951e-05
2.038867499642846363e-05
1.860860944468854797e-05
1.834098924688963572e-05
1.714935490753509071e-05
1.600230109718228926e-05
1.775034922487093617e-05
1.786780617335785077e-05
1.907855921407121115e-05
1.856010071025561062e-05
1.696839508484268723e-05
1.759164244554017151e-05
1.484344777708976012e-05
1.520771036169603227e-05
1.590109744759539878e-05
1.622382201269431567e-05
1.637564943629012375e-05
1.309790017602302680e-05
1.492204424632642131e-05
1.515944407195937870e-05
1.281765559073810891e-05
1.141756197382839629e-05
1.310273048277365296e-05
1.237444862493198849e-05
1.302251927317914003e-05
1.569777828291710932e-05
1.388588532376054889e-05
1.066206699083199712e-05
1.265606013600079882e-05
1.213314819047825390e-05
1.346265548989556505e-05
1.313284343791509012e-05
1.256069516807439418e-05
1.166136509552367047e-05
1.053887876064446845e-05
1.058573644036606072e-05
1.084245215432310477e-05
1.228367943398030517e-05
1.041496120103594426e-05
9.390806263069532408e-06
1.030264974063778855e-05
1.058603020445890025e-05
9.706651300678905919e-06
1.015593201913266805e-05
1.161264910060455136e-05
8.741266313184656300e-06
8.819037796405848281e-06
8.620409237625488967e-06
1.081611960242807715e-05
8.991531724543387413e-06
1.140348825770667136e-05
8.686708168559474758e-06
9.821601787970288879e-06
8.099231521288260336e-06
7.830368056448057328e-06
9.371467608417121585e-06
7.074490737078826105e-06
8.001247088550215948e-06
8.241882889554667560e-06
9.112545890532853837e-06
8.690098420917345801e-06
7.125482882988557921e-06
5.785641295802117871e-06
8.747678144073576281e-06
6.260771238187790919e-06
7.344658452816446390e-06
8.337311781798998614e-06
5.353954653510283610e-06
5.706281438568844996e-06
5.059507556269522809e-06
5.125319793527976801e-06
5.585170397731071160e-06
5.055600694086935766e-06
5.193950204454791415e-06
6.627868710969263079e-06
6.736714515172552943e-06
5.747557604064554691e-06
5.308063054862057690e-06
4.365673356870356734e-06
5.114221397733025380e-06
4.074768579546914760e-06
6.012788963917671406e-06
5.034585414584484782e-06
5.521625101340824136e-06
5.146238107576523041e-06
5.824950100699429796e-06
5.472528579539359375e-06
4.027380993708388640e-06
4.278451572815085271e-06
2.099591945585391336e-06
5.917948967514945191e-06
5.473195554490522848e-06
3.184955765209029464e-06
4.993560272688455485e-06
5.326521453854937833e-06
4.628106573365315799e-06
4.299593356497896475e-06
4.004973783881569088e-06
4.613941221682256574e-06
4.487819791135075441e-06
3.698203484386565032e-06
2.063916549335557657e-06
4.688361782666495856e-06
3.104541280708781410e-06
5.423305403995540305e-06
5.174335290203607726e-06
3.512591736605203062e-06
3.850932378690474343e-06
3.075706144160883631e-06
3.731012222577017918e-06
3.984839891575631224e-06
2.550816611331662959e-06
3.053598693121666645e-06
4.138477609457535692e-06
3.016808807574740164e-06
1.587904243758254905e-06
3.149368339281326217e-06
1.789930508557224361e-06
1.494151313484147642e-06
2.397788766853920863e-06
3.541248251663734896e-06
3.781991392915514363e-06
3.734307810223583805e-06
3.407481542419503389e-06
1.301562364598257268e-06
2.506862727575844002e-06
4.207496212999737079e-06
2.039455342406526386e-06
1.262421084348915330e-06
4.092352691135143685e-06
3.182122725517404730e-06
1.134190892660593452e-06
3.454252783456231892e-06
3.372484662654333750e-06
2.427678656154675137e-06
2.355238788879509894e-06
2.844505044731227152e-06
2.301301338944869359e-06
1.544391718084594040e-06
2.072289284773785912e-06
3.951633396385898906e-06
2.677225634638700102e-06
2.552136134302254059e-06
2.817297214255521425e-06
1.964047776446282860e-06
2.342015007619933776e-06
2.211834733134942768e-06
3.370860198158595088e-06
1.320122067809352235e-06
3.279894072334027255e-06
1.965338437470766132e-06
2.876676781832429541e-06
2.959950466926943016e-06
2.703034562058923857e-06
1.417376095999677575e-06
3.742507326487599447e-06
1.999621089549096772e-06
1.878064719616880003e-06
1.845738731124754359e-06
2.280581425456475040e-06
2.983297239936940971e-06
3.057831817221900059e-06
3.088361004079940790e-06
2.479966704003037777e-06
1.391355882225711388e-06
2.974983807601070376e-06
2.750810188069474589e-06
2.473938530549476994e-06
9.016524199370691257e-07
5.058939571230095059e-07
