3.4000000
5.6000000
